2025-01-29 21:45:10,361 - DEBUG - saml_token_provider.py - Line 103: get_authentication_cookie called
2025-01-29 21:45:10,363 - DEBUG - saml_token_provider.py - Line 106: Acquiring Access Token..
2025-01-29 21:45:10,364 - DEBUG - connectionpool.py - Line 1051: Starting new HTTPS connection (1): login.microsoftonline.com:443
2025-01-29 21:45:10,812 - DEBUG - connectionpool.py - Line 546: https://login.microsoftonline.com:443 "POST /GetUserRealm.srf HTTP/11" 200 240
2025-01-29 21:45:10,814 - DEBUG - connectionpool.py - Line 1051: Starting new HTTPS connection (1): login.microsoftonline.com:443
2025-01-29 21:45:11,475 - DEBUG - connectionpool.py - Line 546: https://login.microsoftonline.com:443 "POST /extSTS.srf HTTP/11" 200 3538
2025-01-29 21:45:11,477 - DEBUG - connectionpool.py - Line 1051: Starting new HTTPS connection (1): idtsas.sharepoint.com:443
2025-01-29 21:45:12,204 - DEBUG - connectionpool.py - Line 546: https://idtsas.sharepoint.com:443 "POST /_forms/default.aspx?wa=wsignin1.0 HTTP/11" 302 118
2025-01-29 21:45:12,333 - DEBUG - connectionpool.py - Line 546: https://idtsas.sharepoint.com:443 "GET / HTTP/11" 302 139
2025-01-29 21:45:13,436 - DEBUG - connectionpool.py - Line 546: https://idtsas.sharepoint.com:443 "GET /SitePages/Inicio.aspx HTTP/11" 200 None
2025-01-29 21:45:13,650 - DEBUG - connectionpool.py - Line 1051: Starting new HTTPS connection (1): idtsas.sharepoint.com:443
2025-01-29 21:45:14,028 - DEBUG - connectionpool.py - Line 546: https://idtsas.sharepoint.com:443 "POST /sites/Bk-Empresas/_api/contextInfo HTTP/11" 200 None
2025-01-29 21:45:14,035 - DEBUG - connectionpool.py - Line 1051: Starting new HTTPS connection (1): idtsas.sharepoint.com:443
2025-01-29 21:45:14,583 - DEBUG - connectionpool.py - Line 546: https://idtsas.sharepoint.com:443 "POST /sites/Bk-Empresas/_api/Web/lists/GetByTitle('Inventario%20PC%20Construsol')/GetItems HTTP/11" 200 None
2025-01-29 21:45:14,604 - DEBUG - saml_token_provider.py - Line 103: get_authentication_cookie called
2025-01-29 21:45:14,604 - DEBUG - saml_token_provider.py - Line 106: Acquiring Access Token..
2025-01-29 21:45:14,605 - DEBUG - connectionpool.py - Line 1051: Starting new HTTPS connection (1): login.microsoftonline.com:443
2025-01-29 21:45:14,997 - DEBUG - connectionpool.py - Line 546: https://login.microsoftonline.com:443 "POST /GetUserRealm.srf HTTP/11" 200 240
2025-01-29 21:45:14,999 - DEBUG - connectionpool.py - Line 1051: Starting new HTTPS connection (1): login.microsoftonline.com:443
2025-01-29 21:45:15,637 - DEBUG - connectionpool.py - Line 546: https://login.microsoftonline.com:443 "POST /extSTS.srf HTTP/11" 200 3538
2025-01-29 21:45:15,640 - DEBUG - connectionpool.py - Line 1051: Starting new HTTPS connection (1): idtsas.sharepoint.com:443
2025-01-29 21:45:16,206 - DEBUG - connectionpool.py - Line 546: https://idtsas.sharepoint.com:443 "POST /_forms/default.aspx?wa=wsignin1.0 HTTP/11" 302 118
2025-01-29 21:45:16,347 - DEBUG - connectionpool.py - Line 546: https://idtsas.sharepoint.com:443 "GET / HTTP/11" 302 139
2025-01-29 21:45:17,204 - DEBUG - connectionpool.py - Line 546: https://idtsas.sharepoint.com:443 "GET /SitePages/Inicio.aspx HTTP/11" 200 None
2025-01-29 21:45:17,423 - DEBUG - connectionpool.py - Line 1051: Starting new HTTPS connection (1): idtsas.sharepoint.com:443
2025-01-29 21:45:17,807 - DEBUG - connectionpool.py - Line 546: https://idtsas.sharepoint.com:443 "GET /sites/Bk-Empresas/_api/Web/lists/GetByTitle('Chequeo%20Servidor%20Construsol')?$select=ListItemEntityTypeFullName,Id HTTP/11" 200 None
2025-01-29 21:45:17,813 - DEBUG - connectionpool.py - Line 1051: Starting new HTTPS connection (1): idtsas.sharepoint.com:443
2025-01-29 21:45:18,195 - DEBUG - connectionpool.py - Line 546: https://idtsas.sharepoint.com:443 "POST /sites/Bk-Empresas/_api/contextInfo HTTP/11" 200 None
2025-01-29 21:45:18,202 - DEBUG - connectionpool.py - Line 1051: Starting new HTTPS connection (1): idtsas.sharepoint.com:443
2025-01-29 21:45:19,043 - DEBUG - connectionpool.py - Line 546: https://idtsas.sharepoint.com:443 "POST /sites/Bk-Empresas/_api/Web/lists/GetByTitle('Chequeo%20Servidor%20Construsol')/items HTTP/11" 201 None
2025-01-29 21:45:19,050 - INFO - serverRevision.py - Line 83: Obteniendo eventos del registro: System
2025-01-29 21:45:22,272 - INFO - serverRevision.py - Line 90: Eventos obtenidos del registro System: 485
2025-01-29 21:45:25,447 - INFO - serverRevision.py - Line 222: Autenticación exitosa
2025-01-29 21:45:25,448 - DEBUG - saml_token_provider.py - Line 103: get_authentication_cookie called
2025-01-29 21:45:25,448 - DEBUG - saml_token_provider.py - Line 106: Acquiring Access Token..
2025-01-29 21:45:25,449 - DEBUG - connectionpool.py - Line 1051: Starting new HTTPS connection (1): login.microsoftonline.com:443
2025-01-29 21:45:25,927 - DEBUG - connectionpool.py - Line 546: https://login.microsoftonline.com:443 "POST /GetUserRealm.srf HTTP/11" 200 240
2025-01-29 21:45:25,929 - DEBUG - connectionpool.py - Line 1051: Starting new HTTPS connection (1): login.microsoftonline.com:443
2025-01-29 21:45:26,509 - DEBUG - connectionpool.py - Line 546: https://login.microsoftonline.com:443 "POST /extSTS.srf HTTP/11" 200 3512
2025-01-29 21:45:26,510 - DEBUG - connectionpool.py - Line 1051: Starting new HTTPS connection (1): idtsas.sharepoint.com:443
2025-01-29 21:45:26,987 - DEBUG - connectionpool.py - Line 546: https://idtsas.sharepoint.com:443 "POST /_forms/default.aspx?wa=wsignin1.0 HTTP/11" 302 118
2025-01-29 21:45:27,120 - DEBUG - connectionpool.py - Line 546: https://idtsas.sharepoint.com:443 "GET / HTTP/11" 302 139
2025-01-29 21:45:30,243 - DEBUG - connectionpool.py - Line 546: https://idtsas.sharepoint.com:443 "GET /SitePages/Inicio.aspx HTTP/11" 200 None
2025-01-29 21:45:30,457 - DEBUG - connectionpool.py - Line 1051: Starting new HTTPS connection (1): idtsas.sharepoint.com:443
2025-01-29 21:45:30,830 - DEBUG - connectionpool.py - Line 546: https://idtsas.sharepoint.com:443 "GET /sites/Bk-Empresas/_api/Web/lists/GetByTitle('Visor%20de%20Eventos%20Construsol')?$select=ListItemEntityTypeFullName,Id HTTP/11" 200 None
2025-01-29 21:45:30,859 - DEBUG - connectionpool.py - Line 1051: Starting new HTTPS connection (1): idtsas.sharepoint.com:443
2025-01-29 21:45:31,231 - DEBUG - connectionpool.py - Line 546: https://idtsas.sharepoint.com:443 "POST /sites/Bk-Empresas/_api/contextInfo HTTP/11" 200 None
2025-01-29 21:45:31,237 - DEBUG - connectionpool.py - Line 1051: Starting new HTTPS connection (1): idtsas.sharepoint.com:443
2025-01-29 21:45:31,753 - DEBUG - connectionpool.py - Line 546: https://idtsas.sharepoint.com:443 "POST /sites/Bk-Empresas/_api/Web/lists/GetByTitle('Visor%20de%20Eventos%20Construsol')/items HTTP/11" 201 None
2025-01-29 21:45:32,261 - DEBUG - connectionpool.py - Line 1051: Starting new HTTPS connection (1): idtsas.sharepoint.com:443
2025-01-29 21:45:32,752 - DEBUG - connectionpool.py - Line 546: https://idtsas.sharepoint.com:443 "POST /sites/Bk-Empresas/_api/Web/lists/GetByTitle('Visor%20de%20Eventos%20Construsol')/items HTTP/11" 201 None
2025-01-29 21:45:33,259 - DEBUG - connectionpool.py - Line 1051: Starting new HTTPS connection (1): idtsas.sharepoint.com:443
2025-01-29 21:45:33,761 - DEBUG - connectionpool.py - Line 546: https://idtsas.sharepoint.com:443 "POST /sites/Bk-Empresas/_api/Web/lists/GetByTitle('Visor%20de%20Eventos%20Construsol')/items HTTP/11" 201 None
2025-01-29 21:45:34,300 - DEBUG - connectionpool.py - Line 1051: Starting new HTTPS connection (1): idtsas.sharepoint.com:443
2025-01-29 21:45:34,781 - DEBUG - connectionpool.py - Line 546: https://idtsas.sharepoint.com:443 "POST /sites/Bk-Empresas/_api/Web/lists/GetByTitle('Visor%20de%20Eventos%20Construsol')/items HTTP/11" 201 None
2025-01-29 21:45:35,290 - DEBUG - connectionpool.py - Line 1051: Starting new HTTPS connection (1): idtsas.sharepoint.com:443
2025-01-29 21:45:35,779 - DEBUG - connectionpool.py - Line 546: https://idtsas.sharepoint.com:443 "POST /sites/Bk-Empresas/_api/Web/lists/GetByTitle('Visor%20de%20Eventos%20Construsol')/items HTTP/11" 201 None
2025-01-29 21:45:36,288 - DEBUG - connectionpool.py - Line 1051: Starting new HTTPS connection (1): idtsas.sharepoint.com:443
2025-01-29 21:45:36,790 - DEBUG - connectionpool.py - Line 546: https://idtsas.sharepoint.com:443 "POST /sites/Bk-Empresas/_api/Web/lists/GetByTitle('Visor%20de%20Eventos%20Construsol')/items HTTP/11" 201 None
2025-01-29 21:45:37,299 - DEBUG - connectionpool.py - Line 1051: Starting new HTTPS connection (1): idtsas.sharepoint.com:443
2025-01-29 21:45:37,785 - DEBUG - connectionpool.py - Line 546: https://idtsas.sharepoint.com:443 "POST /sites/Bk-Empresas/_api/Web/lists/GetByTitle('Visor%20de%20Eventos%20Construsol')/items HTTP/11" 201 None
2025-01-29 21:45:38,292 - DEBUG - connectionpool.py - Line 1051: Starting new HTTPS connection (1): idtsas.sharepoint.com:443
2025-01-29 21:45:38,817 - DEBUG - connectionpool.py - Line 546: https://idtsas.sharepoint.com:443 "POST /sites/Bk-Empresas/_api/Web/lists/GetByTitle('Visor%20de%20Eventos%20Construsol')/items HTTP/11" 201 None
2025-01-29 21:45:39,321 - DEBUG - connectionpool.py - Line 1051: Starting new HTTPS connection (1): idtsas.sharepoint.com:443
2025-01-29 21:45:39,819 - DEBUG - connectionpool.py - Line 546: https://idtsas.sharepoint.com:443 "POST /sites/Bk-Empresas/_api/Web/lists/GetByTitle('Visor%20de%20Eventos%20Construsol')/items HTTP/11" 201 None
2025-01-29 21:45:40,325 - DEBUG - connectionpool.py - Line 1051: Starting new HTTPS connection (1): idtsas.sharepoint.com:443
2025-01-29 21:45:40,859 - DEBUG - connectionpool.py - Line 546: https://idtsas.sharepoint.com:443 "POST /sites/Bk-Empresas/_api/Web/lists/GetByTitle('Visor%20de%20Eventos%20Construsol')/items HTTP/11" 201 None
2025-01-29 21:45:41,367 - DEBUG - connectionpool.py - Line 1051: Starting new HTTPS connection (1): idtsas.sharepoint.com:443
2025-01-29 21:45:41,878 - DEBUG - connectionpool.py - Line 546: https://idtsas.sharepoint.com:443 "POST /sites/Bk-Empresas/_api/Web/lists/GetByTitle('Visor%20de%20Eventos%20Construsol')/items HTTP/11" 201 None
2025-01-29 21:45:42,388 - DEBUG - connectionpool.py - Line 1051: Starting new HTTPS connection (1): idtsas.sharepoint.com:443
2025-01-29 21:45:43,197 - DEBUG - connectionpool.py - Line 546: https://idtsas.sharepoint.com:443 "POST /sites/Bk-Empresas/_api/Web/lists/GetByTitle('Visor%20de%20Eventos%20Construsol')/items HTTP/11" 201 None
2025-01-29 21:45:43,707 - DEBUG - connectionpool.py - Line 1051: Starting new HTTPS connection (1): idtsas.sharepoint.com:443
2025-01-29 21:45:44,280 - DEBUG - connectionpool.py - Line 546: https://idtsas.sharepoint.com:443 "POST /sites/Bk-Empresas/_api/Web/lists/GetByTitle('Visor%20de%20Eventos%20Construsol')/items HTTP/11" 201 None
2025-01-29 21:45:44,782 - DEBUG - connectionpool.py - Line 1051: Starting new HTTPS connection (1): idtsas.sharepoint.com:443
2025-01-29 21:45:45,318 - DEBUG - connectionpool.py - Line 546: https://idtsas.sharepoint.com:443 "POST /sites/Bk-Empresas/_api/Web/lists/GetByTitle('Visor%20de%20Eventos%20Construsol')/items HTTP/11" 201 None
2025-01-29 21:45:45,825 - DEBUG - connectionpool.py - Line 1051: Starting new HTTPS connection (1): idtsas.sharepoint.com:443
2025-01-29 21:45:46,330 - DEBUG - connectionpool.py - Line 546: https://idtsas.sharepoint.com:443 "POST /sites/Bk-Empresas/_api/Web/lists/GetByTitle('Visor%20de%20Eventos%20Construsol')/items HTTP/11" 201 None
2025-01-29 21:45:46,839 - DEBUG - connectionpool.py - Line 1051: Starting new HTTPS connection (1): idtsas.sharepoint.com:443
2025-01-29 21:45:47,314 - DEBUG - connectionpool.py - Line 546: https://idtsas.sharepoint.com:443 "POST /sites/Bk-Empresas/_api/Web/lists/GetByTitle('Visor%20de%20Eventos%20Construsol')/items HTTP/11" 201 None
2025-01-29 21:45:50,559 - INFO - serverRevision.py - Line 161: Autenticación exitosa para subir el archivo CSV.
2025-01-29 21:45:50,561 - DEBUG - saml_token_provider.py - Line 103: get_authentication_cookie called
2025-01-29 21:45:50,561 - DEBUG - saml_token_provider.py - Line 106: Acquiring Access Token..
2025-01-29 21:45:50,561 - DEBUG - connectionpool.py - Line 1051: Starting new HTTPS connection (1): login.microsoftonline.com:443
2025-01-29 21:45:51,029 - DEBUG - connectionpool.py - Line 546: https://login.microsoftonline.com:443 "POST /GetUserRealm.srf HTTP/11" 200 240
2025-01-29 21:45:51,031 - DEBUG - connectionpool.py - Line 1051: Starting new HTTPS connection (1): login.microsoftonline.com:443
2025-01-29 21:45:51,886 - DEBUG - connectionpool.py - Line 546: https://login.microsoftonline.com:443 "POST /extSTS.srf HTTP/11" 200 3537
2025-01-29 21:45:51,889 - DEBUG - connectionpool.py - Line 1051: Starting new HTTPS connection (1): idtsas.sharepoint.com:443
2025-01-29 21:45:52,405 - DEBUG - connectionpool.py - Line 546: https://idtsas.sharepoint.com:443 "POST /_forms/default.aspx?wa=wsignin1.0 HTTP/11" 302 118
2025-01-29 21:45:52,536 - DEBUG - connectionpool.py - Line 546: https://idtsas.sharepoint.com:443 "GET / HTTP/11" 302 139
2025-01-29 21:45:54,765 - DEBUG - connectionpool.py - Line 546: https://idtsas.sharepoint.com:443 "GET /SitePages/Inicio.aspx HTTP/11" 200 None
2025-01-29 21:45:54,978 - DEBUG - connectionpool.py - Line 1051: Starting new HTTPS connection (1): idtsas.sharepoint.com:443
2025-01-29 21:45:55,323 - DEBUG - connectionpool.py - Line 546: https://idtsas.sharepoint.com:443 "POST /sites/SoporteTecnico813/_api/contextInfo HTTP/11" 200 None
2025-01-29 21:45:55,328 - DEBUG - connectionpool.py - Line 1051: Starting new HTTPS connection (1): idtsas.sharepoint.com:443
2025-01-29 21:45:56,221 - DEBUG - connectionpool.py - Line 546: https://idtsas.sharepoint.com:443 "POST /sites/SoporteTecnico813/_api/Web/getFolderByServerRelativeUrl('%2Fsites%2FSoporteTecnico813%2FDocumentos%20compartidos%2FConstrusol%2FVisor%20de%20Eventos')/Files/add(overwrite=true,url='VisorEventos_System_29-01-2025_135.csv') HTTP/11" 200 None
2025-01-29 21:45:56,232 - INFO - serverRevision.py - Line 174: Archivo VisorEventos_System_29-01-2025_135.csv subido exitosamente a SharePoint en /sites/SoporteTecnico813/Documentos compartidos/Construsol/Visor de Eventos.
2025-01-29 21:45:56,232 - INFO - serverRevision.py - Line 133: Archivo CSV generado y subido exitosamente a SharePoint.
2025-01-29 21:45:59,084 - ERROR - serverRevision.py - Line 150: Error al eliminar los eventos del registro 'System': Command 'wevtutil cl "System"' returned non-zero exit status 5.
2025-01-29 21:45:59,084 - INFO - serverRevision.py - Line 83: Obteniendo eventos del registro: Application
2025-01-29 21:46:00,556 - INFO - serverRevision.py - Line 90: Eventos obtenidos del registro Application: 189
2025-01-29 21:46:01,707 - INFO - serverRevision.py - Line 222: Autenticación exitosa
2025-01-29 21:46:01,708 - DEBUG - saml_token_provider.py - Line 103: get_authentication_cookie called
2025-01-29 21:46:01,708 - DEBUG - saml_token_provider.py - Line 106: Acquiring Access Token..
2025-01-29 21:46:01,709 - DEBUG - connectionpool.py - Line 1051: Starting new HTTPS connection (1): login.microsoftonline.com:443
2025-01-29 21:46:02,201 - DEBUG - connectionpool.py - Line 546: https://login.microsoftonline.com:443 "POST /GetUserRealm.srf HTTP/11" 200 240
2025-01-29 21:46:02,204 - DEBUG - connectionpool.py - Line 1051: Starting new HTTPS connection (1): login.microsoftonline.com:443
2025-01-29 21:46:02,811 - DEBUG - connectionpool.py - Line 546: https://login.microsoftonline.com:443 "POST /extSTS.srf HTTP/11" 200 3514
2025-01-29 21:46:02,815 - DEBUG - connectionpool.py - Line 1051: Starting new HTTPS connection (1): idtsas.sharepoint.com:443
2025-01-29 21:46:03,478 - DEBUG - connectionpool.py - Line 546: https://idtsas.sharepoint.com:443 "POST /_forms/default.aspx?wa=wsignin1.0 HTTP/11" 302 118
2025-01-29 21:46:03,607 - DEBUG - connectionpool.py - Line 546: https://idtsas.sharepoint.com:443 "GET / HTTP/11" 302 139
2025-01-29 21:46:04,923 - DEBUG - connectionpool.py - Line 546: https://idtsas.sharepoint.com:443 "GET /SitePages/Inicio.aspx HTTP/11" 200 None
2025-01-29 21:46:05,136 - DEBUG - connectionpool.py - Line 1051: Starting new HTTPS connection (1): idtsas.sharepoint.com:443
2025-01-29 21:46:05,501 - DEBUG - connectionpool.py - Line 546: https://idtsas.sharepoint.com:443 "GET /sites/Bk-Empresas/_api/Web/lists/GetByTitle('Visor%20de%20Eventos%20Construsol')?$select=ListItemEntityTypeFullName,Id HTTP/11" 200 None
2025-01-29 21:46:05,510 - DEBUG - connectionpool.py - Line 1051: Starting new HTTPS connection (1): idtsas.sharepoint.com:443
2025-01-29 21:46:05,879 - DEBUG - connectionpool.py - Line 546: https://idtsas.sharepoint.com:443 "POST /sites/Bk-Empresas/_api/contextInfo HTTP/11" 200 None
2025-01-29 21:46:05,884 - DEBUG - connectionpool.py - Line 1051: Starting new HTTPS connection (1): idtsas.sharepoint.com:443
2025-01-29 21:46:06,342 - DEBUG - connectionpool.py - Line 546: https://idtsas.sharepoint.com:443 "POST /sites/Bk-Empresas/_api/Web/lists/GetByTitle('Visor%20de%20Eventos%20Construsol')/items HTTP/11" 201 None
2025-01-29 21:46:06,850 - DEBUG - connectionpool.py - Line 1051: Starting new HTTPS connection (1): idtsas.sharepoint.com:443
2025-01-29 21:46:07,333 - DEBUG - connectionpool.py - Line 546: https://idtsas.sharepoint.com:443 "POST /sites/Bk-Empresas/_api/Web/lists/GetByTitle('Visor%20de%20Eventos%20Construsol')/items HTTP/11" 201 None
2025-01-29 21:46:07,841 - DEBUG - connectionpool.py - Line 1051: Starting new HTTPS connection (1): idtsas.sharepoint.com:443
2025-01-29 21:46:08,323 - DEBUG - connectionpool.py - Line 546: https://idtsas.sharepoint.com:443 "POST /sites/Bk-Empresas/_api/Web/lists/GetByTitle('Visor%20de%20Eventos%20Construsol')/items HTTP/11" 201 None
2025-01-29 21:46:08,831 - DEBUG - connectionpool.py - Line 1051: Starting new HTTPS connection (1): idtsas.sharepoint.com:443
2025-01-29 21:46:09,321 - DEBUG - connectionpool.py - Line 546: https://idtsas.sharepoint.com:443 "POST /sites/Bk-Empresas/_api/Web/lists/GetByTitle('Visor%20de%20Eventos%20Construsol')/items HTTP/11" 201 None
2025-01-29 21:46:10,869 - INFO - serverRevision.py - Line 161: Autenticación exitosa para subir el archivo CSV.
2025-01-29 21:46:10,870 - DEBUG - saml_token_provider.py - Line 103: get_authentication_cookie called
2025-01-29 21:46:10,870 - DEBUG - saml_token_provider.py - Line 106: Acquiring Access Token..
2025-01-29 21:46:10,870 - DEBUG - connectionpool.py - Line 1051: Starting new HTTPS connection (1): login.microsoftonline.com:443
2025-01-29 21:46:11,423 - DEBUG - connectionpool.py - Line 546: https://login.microsoftonline.com:443 "POST /GetUserRealm.srf HTTP/11" 200 238
2025-01-29 21:46:11,425 - DEBUG - connectionpool.py - Line 1051: Starting new HTTPS connection (1): login.microsoftonline.com:443
2025-01-29 21:46:12,022 - DEBUG - connectionpool.py - Line 546: https://login.microsoftonline.com:443 "POST /extSTS.srf HTTP/11" 200 3537
2025-01-29 21:46:12,024 - DEBUG - connectionpool.py - Line 1051: Starting new HTTPS connection (1): idtsas.sharepoint.com:443
2025-01-29 21:46:12,586 - DEBUG - connectionpool.py - Line 546: https://idtsas.sharepoint.com:443 "POST /_forms/default.aspx?wa=wsignin1.0 HTTP/11" 302 118
2025-01-29 21:46:12,716 - DEBUG - connectionpool.py - Line 546: https://idtsas.sharepoint.com:443 "GET / HTTP/11" 302 139
2025-01-29 21:46:14,775 - DEBUG - connectionpool.py - Line 546: https://idtsas.sharepoint.com:443 "GET /SitePages/Inicio.aspx HTTP/11" 200 None
2025-01-29 21:46:14,983 - DEBUG - connectionpool.py - Line 1051: Starting new HTTPS connection (1): idtsas.sharepoint.com:443
2025-01-29 21:46:15,357 - DEBUG - connectionpool.py - Line 546: https://idtsas.sharepoint.com:443 "POST /sites/SoporteTecnico813/_api/contextInfo HTTP/11" 200 None
2025-01-29 21:46:15,362 - DEBUG - connectionpool.py - Line 1051: Starting new HTTPS connection (1): idtsas.sharepoint.com:443
2025-01-29 21:46:16,039 - DEBUG - connectionpool.py - Line 546: https://idtsas.sharepoint.com:443 "POST /sites/SoporteTecnico813/_api/Web/getFolderByServerRelativeUrl('%2Fsites%2FSoporteTecnico813%2FDocumentos%20compartidos%2FConstrusol%2FVisor%20de%20Eventos')/Files/add(overwrite=true,url='VisorEventos_Application_29-01-2025_135.csv') HTTP/11" 200 None
2025-01-29 21:46:16,048 - INFO - serverRevision.py - Line 174: Archivo VisorEventos_Application_29-01-2025_135.csv subido exitosamente a SharePoint en /sites/SoporteTecnico813/Documentos compartidos/Construsol/Visor de Eventos.
2025-01-29 21:46:16,049 - INFO - serverRevision.py - Line 133: Archivo CSV generado y subido exitosamente a SharePoint.
2025-01-29 21:46:18,910 - ERROR - serverRevision.py - Line 150: Error al eliminar los eventos del registro 'Application': Command 'wevtutil cl "Application"' returned non-zero exit status 5.
2025-01-29 21:48:45,940 - DEBUG - saml_token_provider.py - Line 103: get_authentication_cookie called
2025-01-29 21:48:45,940 - DEBUG - saml_token_provider.py - Line 106: Acquiring Access Token..
2025-01-29 21:48:45,942 - DEBUG - connectionpool.py - Line 1051: Starting new HTTPS connection (1): login.microsoftonline.com:443
2025-01-29 21:48:46,588 - DEBUG - connectionpool.py - Line 546: https://login.microsoftonline.com:443 "POST /GetUserRealm.srf HTTP/11" 200 240
2025-01-29 21:48:46,590 - DEBUG - connectionpool.py - Line 1051: Starting new HTTPS connection (1): login.microsoftonline.com:443
2025-01-29 21:48:47,237 - DEBUG - connectionpool.py - Line 546: https://login.microsoftonline.com:443 "POST /extSTS.srf HTTP/11" 200 3514
2025-01-29 21:48:47,239 - DEBUG - connectionpool.py - Line 1051: Starting new HTTPS connection (1): idtsas.sharepoint.com:443
2025-01-29 21:48:47,894 - DEBUG - connectionpool.py - Line 546: https://idtsas.sharepoint.com:443 "POST /_forms/default.aspx?wa=wsignin1.0 HTTP/11" 302 118
2025-01-29 21:48:48,025 - DEBUG - connectionpool.py - Line 546: https://idtsas.sharepoint.com:443 "GET / HTTP/11" 302 139
2025-01-29 21:48:49,645 - DEBUG - connectionpool.py - Line 546: https://idtsas.sharepoint.com:443 "GET /SitePages/Inicio.aspx HTTP/11" 200 None
2025-01-29 21:48:49,875 - DEBUG - connectionpool.py - Line 1051: Starting new HTTPS connection (1): idtsas.sharepoint.com:443
2025-01-29 21:48:50,301 - DEBUG - connectionpool.py - Line 546: https://idtsas.sharepoint.com:443 "POST /sites/Bk-Empresas/_api/contextInfo HTTP/11" 200 None
2025-01-29 21:48:50,305 - DEBUG - connectionpool.py - Line 1051: Starting new HTTPS connection (1): idtsas.sharepoint.com:443
2025-01-29 21:48:50,741 - DEBUG - connectionpool.py - Line 546: https://idtsas.sharepoint.com:443 "POST /sites/Bk-Empresas/_api/Web/lists/GetByTitle('Inventario%20PC%20Construsol')/GetItems HTTP/11" 200 None
2025-01-29 21:48:50,757 - DEBUG - saml_token_provider.py - Line 103: get_authentication_cookie called
2025-01-29 21:48:50,758 - DEBUG - saml_token_provider.py - Line 106: Acquiring Access Token..
2025-01-29 21:48:50,758 - DEBUG - connectionpool.py - Line 1051: Starting new HTTPS connection (1): login.microsoftonline.com:443
2025-01-29 21:48:51,274 - DEBUG - connectionpool.py - Line 546: https://login.microsoftonline.com:443 "POST /GetUserRealm.srf HTTP/11" 200 240
2025-01-29 21:48:51,275 - DEBUG - connectionpool.py - Line 1051: Starting new HTTPS connection (1): login.microsoftonline.com:443
2025-01-29 21:48:51,988 - DEBUG - connectionpool.py - Line 546: https://login.microsoftonline.com:443 "POST /extSTS.srf HTTP/11" 200 3514
2025-01-29 21:48:51,992 - DEBUG - connectionpool.py - Line 1051: Starting new HTTPS connection (1): idtsas.sharepoint.com:443
2025-01-29 21:48:52,499 - DEBUG - connectionpool.py - Line 546: https://idtsas.sharepoint.com:443 "POST /_forms/default.aspx?wa=wsignin1.0 HTTP/11" 302 118
2025-01-29 21:48:52,631 - DEBUG - connectionpool.py - Line 546: https://idtsas.sharepoint.com:443 "GET / HTTP/11" 302 139
2025-01-29 21:48:55,094 - DEBUG - connectionpool.py - Line 546: https://idtsas.sharepoint.com:443 "GET /SitePages/Inicio.aspx HTTP/11" 200 None
2025-01-29 21:48:55,307 - DEBUG - connectionpool.py - Line 1051: Starting new HTTPS connection (1): idtsas.sharepoint.com:443
2025-01-29 21:48:55,684 - DEBUG - connectionpool.py - Line 546: https://idtsas.sharepoint.com:443 "GET /sites/Bk-Empresas/_api/Web/lists/GetByTitle('Chequeo%20Servidor%20Construsol')?$select=ListItemEntityTypeFullName,Id HTTP/11" 200 None
2025-01-29 21:48:55,690 - DEBUG - connectionpool.py - Line 1051: Starting new HTTPS connection (1): idtsas.sharepoint.com:443
2025-01-29 21:48:56,063 - DEBUG - connectionpool.py - Line 546: https://idtsas.sharepoint.com:443 "POST /sites/Bk-Empresas/_api/contextInfo HTTP/11" 200 None
2025-01-29 21:48:56,067 - DEBUG - connectionpool.py - Line 1051: Starting new HTTPS connection (1): idtsas.sharepoint.com:443
2025-01-29 21:48:56,946 - DEBUG - connectionpool.py - Line 546: https://idtsas.sharepoint.com:443 "POST /sites/Bk-Empresas/_api/Web/lists/GetByTitle('Chequeo%20Servidor%20Construsol')/items HTTP/11" 201 None
2025-01-29 21:48:56,954 - INFO - serverRevision.py - Line 83: Obteniendo eventos del registro: System
2025-01-29 21:48:58,890 - INFO - serverRevision.py - Line 90: Eventos obtenidos del registro System: 489
2025-01-29 21:49:00,131 - INFO - serverRevision.py - Line 222: Autenticación exitosa
2025-01-29 21:49:00,131 - DEBUG - saml_token_provider.py - Line 103: get_authentication_cookie called
2025-01-29 21:49:00,131 - DEBUG - saml_token_provider.py - Line 106: Acquiring Access Token..
2025-01-29 21:49:00,131 - DEBUG - connectionpool.py - Line 1051: Starting new HTTPS connection (1): login.microsoftonline.com:443
2025-01-29 21:49:00,649 - DEBUG - connectionpool.py - Line 546: https://login.microsoftonline.com:443 "POST /GetUserRealm.srf HTTP/11" 200 240
2025-01-29 21:49:00,650 - DEBUG - connectionpool.py - Line 1051: Starting new HTTPS connection (1): login.microsoftonline.com:443
2025-01-29 21:49:01,438 - DEBUG - connectionpool.py - Line 546: https://login.microsoftonline.com:443 "POST /extSTS.srf HTTP/11" 200 3514
2025-01-29 21:49:01,439 - DEBUG - connectionpool.py - Line 1051: Starting new HTTPS connection (1): idtsas.sharepoint.com:443
2025-01-29 21:49:02,011 - DEBUG - connectionpool.py - Line 546: https://idtsas.sharepoint.com:443 "POST /_forms/default.aspx?wa=wsignin1.0 HTTP/11" 302 118
2025-01-29 21:49:02,145 - DEBUG - connectionpool.py - Line 546: https://idtsas.sharepoint.com:443 "GET / HTTP/11" 302 139
2025-01-29 21:49:02,936 - DEBUG - connectionpool.py - Line 546: https://idtsas.sharepoint.com:443 "GET /SitePages/Inicio.aspx HTTP/11" 200 None
2025-01-29 21:49:03,148 - DEBUG - connectionpool.py - Line 1051: Starting new HTTPS connection (1): idtsas.sharepoint.com:443
2025-01-29 21:49:03,537 - DEBUG - connectionpool.py - Line 546: https://idtsas.sharepoint.com:443 "GET /sites/Bk-Empresas/_api/Web/lists/GetByTitle('Visor%20de%20Eventos%20Construsol')?$select=ListItemEntityTypeFullName,Id HTTP/11" 200 None
2025-01-29 21:49:03,543 - DEBUG - connectionpool.py - Line 1051: Starting new HTTPS connection (1): idtsas.sharepoint.com:443
2025-01-29 21:49:03,917 - DEBUG - connectionpool.py - Line 546: https://idtsas.sharepoint.com:443 "POST /sites/Bk-Empresas/_api/contextInfo HTTP/11" 200 None
2025-01-29 21:49:03,921 - DEBUG - connectionpool.py - Line 1051: Starting new HTTPS connection (1): idtsas.sharepoint.com:443
2025-01-29 21:49:04,429 - DEBUG - connectionpool.py - Line 546: https://idtsas.sharepoint.com:443 "POST /sites/Bk-Empresas/_api/Web/lists/GetByTitle('Visor%20de%20Eventos%20Construsol')/items HTTP/11" 201 None
2025-01-29 21:49:04,951 - DEBUG - connectionpool.py - Line 1051: Starting new HTTPS connection (1): idtsas.sharepoint.com:443
2025-01-29 21:49:05,440 - DEBUG - connectionpool.py - Line 546: https://idtsas.sharepoint.com:443 "POST /sites/Bk-Empresas/_api/Web/lists/GetByTitle('Visor%20de%20Eventos%20Construsol')/items HTTP/11" 201 None
2025-01-29 21:49:05,948 - DEBUG - connectionpool.py - Line 1051: Starting new HTTPS connection (1): idtsas.sharepoint.com:443
2025-01-29 21:49:06,447 - DEBUG - connectionpool.py - Line 546: https://idtsas.sharepoint.com:443 "POST /sites/Bk-Empresas/_api/Web/lists/GetByTitle('Visor%20de%20Eventos%20Construsol')/items HTTP/11" 201 None
2025-01-29 21:49:06,954 - DEBUG - connectionpool.py - Line 1051: Starting new HTTPS connection (1): idtsas.sharepoint.com:443
2025-01-29 21:49:07,565 - DEBUG - connectionpool.py - Line 546: https://idtsas.sharepoint.com:443 "POST /sites/Bk-Empresas/_api/Web/lists/GetByTitle('Visor%20de%20Eventos%20Construsol')/items HTTP/11" 201 None
2025-01-29 21:49:08,074 - DEBUG - connectionpool.py - Line 1051: Starting new HTTPS connection (1): idtsas.sharepoint.com:443
2025-01-29 21:49:08,546 - DEBUG - connectionpool.py - Line 546: https://idtsas.sharepoint.com:443 "POST /sites/Bk-Empresas/_api/Web/lists/GetByTitle('Visor%20de%20Eventos%20Construsol')/items HTTP/11" 201 None
2025-01-29 21:49:09,054 - DEBUG - connectionpool.py - Line 1051: Starting new HTTPS connection (1): idtsas.sharepoint.com:443
2025-01-29 21:49:09,555 - DEBUG - connectionpool.py - Line 546: https://idtsas.sharepoint.com:443 "POST /sites/Bk-Empresas/_api/Web/lists/GetByTitle('Visor%20de%20Eventos%20Construsol')/items HTTP/11" 201 None
2025-01-29 21:49:10,063 - DEBUG - connectionpool.py - Line 1051: Starting new HTTPS connection (1): idtsas.sharepoint.com:443
2025-01-29 21:49:10,547 - DEBUG - connectionpool.py - Line 546: https://idtsas.sharepoint.com:443 "POST /sites/Bk-Empresas/_api/Web/lists/GetByTitle('Visor%20de%20Eventos%20Construsol')/items HTTP/11" 201 None
2025-01-29 21:49:11,053 - DEBUG - connectionpool.py - Line 1051: Starting new HTTPS connection (1): idtsas.sharepoint.com:443
2025-01-29 21:49:11,551 - DEBUG - connectionpool.py - Line 546: https://idtsas.sharepoint.com:443 "POST /sites/Bk-Empresas/_api/Web/lists/GetByTitle('Visor%20de%20Eventos%20Construsol')/items HTTP/11" 201 None
2025-01-29 21:49:12,060 - DEBUG - connectionpool.py - Line 1051: Starting new HTTPS connection (1): idtsas.sharepoint.com:443
2025-01-29 21:49:12,574 - DEBUG - connectionpool.py - Line 546: https://idtsas.sharepoint.com:443 "POST /sites/Bk-Empresas/_api/Web/lists/GetByTitle('Visor%20de%20Eventos%20Construsol')/items HTTP/11" 201 None
2025-01-29 21:49:13,083 - DEBUG - connectionpool.py - Line 1051: Starting new HTTPS connection (1): idtsas.sharepoint.com:443
2025-01-29 21:49:13,630 - DEBUG - connectionpool.py - Line 546: https://idtsas.sharepoint.com:443 "POST /sites/Bk-Empresas/_api/Web/lists/GetByTitle('Visor%20de%20Eventos%20Construsol')/items HTTP/11" 201 None
2025-01-29 21:49:14,151 - DEBUG - connectionpool.py - Line 1051: Starting new HTTPS connection (1): idtsas.sharepoint.com:443
2025-01-29 21:49:14,683 - DEBUG - connectionpool.py - Line 546: https://idtsas.sharepoint.com:443 "POST /sites/Bk-Empresas/_api/Web/lists/GetByTitle('Visor%20de%20Eventos%20Construsol')/items HTTP/11" 201 None
2025-01-29 21:49:15,191 - DEBUG - connectionpool.py - Line 1051: Starting new HTTPS connection (1): idtsas.sharepoint.com:443
2025-01-29 21:49:15,706 - DEBUG - connectionpool.py - Line 546: https://idtsas.sharepoint.com:443 "POST /sites/Bk-Empresas/_api/Web/lists/GetByTitle('Visor%20de%20Eventos%20Construsol')/items HTTP/11" 201 None
2025-01-29 21:49:16,215 - DEBUG - connectionpool.py - Line 1051: Starting new HTTPS connection (1): idtsas.sharepoint.com:443
2025-01-29 21:49:16,711 - DEBUG - connectionpool.py - Line 546: https://idtsas.sharepoint.com:443 "POST /sites/Bk-Empresas/_api/Web/lists/GetByTitle('Visor%20de%20Eventos%20Construsol')/items HTTP/11" 201 None
2025-01-29 21:49:17,219 - DEBUG - connectionpool.py - Line 1051: Starting new HTTPS connection (1): idtsas.sharepoint.com:443
2025-01-29 21:49:17,721 - DEBUG - connectionpool.py - Line 546: https://idtsas.sharepoint.com:443 "POST /sites/Bk-Empresas/_api/Web/lists/GetByTitle('Visor%20de%20Eventos%20Construsol')/items HTTP/11" 201 None
2025-01-29 21:49:18,233 - DEBUG - connectionpool.py - Line 1051: Starting new HTTPS connection (1): idtsas.sharepoint.com:443
2025-01-29 21:49:18,777 - DEBUG - connectionpool.py - Line 546: https://idtsas.sharepoint.com:443 "POST /sites/Bk-Empresas/_api/Web/lists/GetByTitle('Visor%20de%20Eventos%20Construsol')/items HTTP/11" 201 None
2025-01-29 21:49:19,286 - DEBUG - connectionpool.py - Line 1051: Starting new HTTPS connection (1): idtsas.sharepoint.com:443
2025-01-29 21:49:19,866 - DEBUG - connectionpool.py - Line 546: https://idtsas.sharepoint.com:443 "POST /sites/Bk-Empresas/_api/Web/lists/GetByTitle('Visor%20de%20Eventos%20Construsol')/items HTTP/11" 201 None
2025-01-29 21:49:21,691 - INFO - serverRevision.py - Line 161: Autenticación exitosa para subir el archivo CSV.
2025-01-29 21:49:21,693 - DEBUG - saml_token_provider.py - Line 103: get_authentication_cookie called
2025-01-29 21:49:21,693 - DEBUG - saml_token_provider.py - Line 106: Acquiring Access Token..
2025-01-29 21:49:21,694 - DEBUG - connectionpool.py - Line 1051: Starting new HTTPS connection (1): login.microsoftonline.com:443
2025-01-29 21:49:22,159 - DEBUG - connectionpool.py - Line 546: https://login.microsoftonline.com:443 "POST /GetUserRealm.srf HTTP/11" 200 240
2025-01-29 21:49:22,161 - DEBUG - connectionpool.py - Line 1051: Starting new HTTPS connection (1): login.microsoftonline.com:443
2025-01-29 21:49:22,732 - DEBUG - connectionpool.py - Line 546: https://login.microsoftonline.com:443 "POST /extSTS.srf HTTP/11" 200 3538
2025-01-29 21:49:22,734 - DEBUG - connectionpool.py - Line 1051: Starting new HTTPS connection (1): idtsas.sharepoint.com:443
2025-01-29 21:49:23,268 - DEBUG - connectionpool.py - Line 546: https://idtsas.sharepoint.com:443 "POST /_forms/default.aspx?wa=wsignin1.0 HTTP/11" 302 118
2025-01-29 21:49:23,395 - DEBUG - connectionpool.py - Line 546: https://idtsas.sharepoint.com:443 "GET / HTTP/11" 302 139
2025-01-29 21:49:24,179 - DEBUG - connectionpool.py - Line 546: https://idtsas.sharepoint.com:443 "GET /SitePages/Inicio.aspx HTTP/11" 200 None
2025-01-29 21:49:24,424 - DEBUG - connectionpool.py - Line 1051: Starting new HTTPS connection (1): idtsas.sharepoint.com:443
2025-01-29 21:49:24,815 - DEBUG - connectionpool.py - Line 546: https://idtsas.sharepoint.com:443 "POST /sites/SoporteTecnico813/_api/contextInfo HTTP/11" 200 None
2025-01-29 21:49:24,820 - DEBUG - connectionpool.py - Line 1051: Starting new HTTPS connection (1): idtsas.sharepoint.com:443
2025-01-29 21:49:25,580 - DEBUG - connectionpool.py - Line 546: https://idtsas.sharepoint.com:443 "POST /sites/SoporteTecnico813/_api/Web/getFolderByServerRelativeUrl('%2Fsites%2FSoporteTecnico813%2FDocumentos%20compartidos%2FConstrusol%2FVisor%20de%20Eventos')/Files/add(overwrite=true,url='VisorEventos_System_29-01-2025_136.csv') HTTP/11" 200 None
2025-01-29 21:49:25,593 - INFO - serverRevision.py - Line 174: Archivo VisorEventos_System_29-01-2025_136.csv subido exitosamente a SharePoint en /sites/SoporteTecnico813/Documentos compartidos/Construsol/Visor de Eventos.
2025-01-29 21:49:25,593 - INFO - serverRevision.py - Line 133: Archivo CSV generado y subido exitosamente a SharePoint.
2025-01-29 21:49:28,190 - INFO - serverRevision.py - Line 147: Eventos del registro 'System' eliminados correctamente.
2025-01-29 21:49:28,191 - INFO - serverRevision.py - Line 83: Obteniendo eventos del registro: Application
2025-01-29 21:49:29,154 - INFO - serverRevision.py - Line 90: Eventos obtenidos del registro Application: 189
2025-01-29 21:49:29,651 - INFO - serverRevision.py - Line 222: Autenticación exitosa
2025-01-29 21:49:29,653 - DEBUG - saml_token_provider.py - Line 103: get_authentication_cookie called
2025-01-29 21:49:29,653 - DEBUG - saml_token_provider.py - Line 106: Acquiring Access Token..
2025-01-29 21:49:29,654 - DEBUG - connectionpool.py - Line 1051: Starting new HTTPS connection (1): login.microsoftonline.com:443
2025-01-29 21:49:30,102 - DEBUG - connectionpool.py - Line 546: https://login.microsoftonline.com:443 "POST /GetUserRealm.srf HTTP/11" 200 240
2025-01-29 21:49:30,104 - DEBUG - connectionpool.py - Line 1051: Starting new HTTPS connection (1): login.microsoftonline.com:443
2025-01-29 21:49:30,590 - DEBUG - connectionpool.py - Line 546: https://login.microsoftonline.com:443 "POST /extSTS.srf HTTP/11" 200 3514
2025-01-29 21:49:30,592 - DEBUG - connectionpool.py - Line 1051: Starting new HTTPS connection (1): idtsas.sharepoint.com:443
2025-01-29 21:49:31,118 - DEBUG - connectionpool.py - Line 546: https://idtsas.sharepoint.com:443 "POST /_forms/default.aspx?wa=wsignin1.0 HTTP/11" 302 118
2025-01-29 21:49:31,251 - DEBUG - connectionpool.py - Line 546: https://idtsas.sharepoint.com:443 "GET / HTTP/11" 302 139
2025-01-29 21:49:32,107 - DEBUG - connectionpool.py - Line 546: https://idtsas.sharepoint.com:443 "GET /SitePages/Inicio.aspx HTTP/11" 200 None
2025-01-29 21:49:32,317 - DEBUG - connectionpool.py - Line 1051: Starting new HTTPS connection (1): idtsas.sharepoint.com:443
2025-01-29 21:49:32,721 - DEBUG - connectionpool.py - Line 546: https://idtsas.sharepoint.com:443 "GET /sites/Bk-Empresas/_api/Web/lists/GetByTitle('Visor%20de%20Eventos%20Construsol')?$select=ListItemEntityTypeFullName,Id HTTP/11" 200 None
2025-01-29 21:49:32,728 - DEBUG - connectionpool.py - Line 1051: Starting new HTTPS connection (1): idtsas.sharepoint.com:443
2025-01-29 21:49:33,103 - DEBUG - connectionpool.py - Line 546: https://idtsas.sharepoint.com:443 "POST /sites/Bk-Empresas/_api/contextInfo HTTP/11" 200 None
2025-01-29 21:49:33,110 - DEBUG - connectionpool.py - Line 1051: Starting new HTTPS connection (1): idtsas.sharepoint.com:443
2025-01-29 21:49:33,651 - DEBUG - connectionpool.py - Line 546: https://idtsas.sharepoint.com:443 "POST /sites/Bk-Empresas/_api/Web/lists/GetByTitle('Visor%20de%20Eventos%20Construsol')/items HTTP/11" 201 None
2025-01-29 21:49:34,161 - DEBUG - connectionpool.py - Line 1051: Starting new HTTPS connection (1): idtsas.sharepoint.com:443
2025-01-29 21:49:34,690 - DEBUG - connectionpool.py - Line 546: https://idtsas.sharepoint.com:443 "POST /sites/Bk-Empresas/_api/Web/lists/GetByTitle('Visor%20de%20Eventos%20Construsol')/items HTTP/11" 201 None
2025-01-29 21:49:35,199 - DEBUG - connectionpool.py - Line 1051: Starting new HTTPS connection (1): idtsas.sharepoint.com:443
2025-01-29 21:49:35,829 - DEBUG - connectionpool.py - Line 546: https://idtsas.sharepoint.com:443 "POST /sites/Bk-Empresas/_api/Web/lists/GetByTitle('Visor%20de%20Eventos%20Construsol')/items HTTP/11" 201 None
2025-01-29 21:49:36,339 - DEBUG - connectionpool.py - Line 1051: Starting new HTTPS connection (1): idtsas.sharepoint.com:443
2025-01-29 21:49:37,233 - DEBUG - connectionpool.py - Line 546: https://idtsas.sharepoint.com:443 "POST /sites/Bk-Empresas/_api/Web/lists/GetByTitle('Visor%20de%20Eventos%20Construsol')/items HTTP/11" 201 None
2025-01-29 21:49:38,229 - INFO - serverRevision.py - Line 161: Autenticación exitosa para subir el archivo CSV.
2025-01-29 21:49:38,229 - DEBUG - saml_token_provider.py - Line 103: get_authentication_cookie called
2025-01-29 21:49:38,229 - DEBUG - saml_token_provider.py - Line 106: Acquiring Access Token..
2025-01-29 21:49:38,230 - DEBUG - connectionpool.py - Line 1051: Starting new HTTPS connection (1): login.microsoftonline.com:443
2025-01-29 21:49:38,689 - DEBUG - connectionpool.py - Line 546: https://login.microsoftonline.com:443 "POST /GetUserRealm.srf HTTP/11" 200 240
2025-01-29 21:49:38,690 - DEBUG - connectionpool.py - Line 1051: Starting new HTTPS connection (1): login.microsoftonline.com:443
2025-01-29 21:49:39,276 - DEBUG - connectionpool.py - Line 546: https://login.microsoftonline.com:443 "POST /extSTS.srf HTTP/11" 200 3537
2025-01-29 21:49:39,277 - DEBUG - connectionpool.py - Line 1051: Starting new HTTPS connection (1): idtsas.sharepoint.com:443
2025-01-29 21:49:39,810 - DEBUG - connectionpool.py - Line 546: https://idtsas.sharepoint.com:443 "POST /_forms/default.aspx?wa=wsignin1.0 HTTP/11" 302 118
2025-01-29 21:49:39,946 - DEBUG - connectionpool.py - Line 546: https://idtsas.sharepoint.com:443 "GET / HTTP/11" 302 139
2025-01-29 21:49:40,909 - DEBUG - connectionpool.py - Line 546: https://idtsas.sharepoint.com:443 "GET /SitePages/Inicio.aspx HTTP/11" 200 None
2025-01-29 21:49:41,119 - DEBUG - connectionpool.py - Line 1051: Starting new HTTPS connection (1): idtsas.sharepoint.com:443
2025-01-29 21:49:41,494 - DEBUG - connectionpool.py - Line 546: https://idtsas.sharepoint.com:443 "POST /sites/SoporteTecnico813/_api/contextInfo HTTP/11" 200 None
2025-01-29 21:49:41,501 - DEBUG - connectionpool.py - Line 1051: Starting new HTTPS connection (1): idtsas.sharepoint.com:443
2025-01-29 21:49:42,145 - DEBUG - connectionpool.py - Line 546: https://idtsas.sharepoint.com:443 "POST /sites/SoporteTecnico813/_api/Web/getFolderByServerRelativeUrl('%2Fsites%2FSoporteTecnico813%2FDocumentos%20compartidos%2FConstrusol%2FVisor%20de%20Eventos')/Files/add(overwrite=true,url='VisorEventos_Application_29-01-2025_136.csv') HTTP/11" 200 None
2025-01-29 21:49:42,155 - INFO - serverRevision.py - Line 174: Archivo VisorEventos_Application_29-01-2025_136.csv subido exitosamente a SharePoint en /sites/SoporteTecnico813/Documentos compartidos/Construsol/Visor de Eventos.
2025-01-29 21:49:42,156 - INFO - serverRevision.py - Line 133: Archivo CSV generado y subido exitosamente a SharePoint.
2025-01-29 21:49:44,897 - INFO - serverRevision.py - Line 147: Eventos del registro 'Application' eliminados correctamente.
